// Jest Snapshot v1, https://goo.gl/fbAQLP

exports[`<CoreTeam /> should be rendered 1`] = `
<div
  class="css-fvwany"
>
  <h2
    class="css-lcriaz"
  >
     Our Team 
  </h2>
  <div
    class="css-1dkoc7w"
  >
    <div
      class="css-y0c065"
    >
      <div
        class="css-5ollvl"
      >
        <img
          alt="avatar Ayush Pareek"
          class="css-1qe1uq3"
          src="https://storage.googleapis.com/ignitus_assets/ig-team/ayush.jpeg"
        />
        <h6
          class="css-ijmnw1"
        >
          Ayush Pareek
        </h6>
        <p
          class="css-1lo8kcs"
        >
          Co-Founder, CEO
        </p>
        <div
          class="css-pve8fp"
        >
          <a
            class="css-1xu3tth"
            color="black"
            href="https://www.linkedin.com/in/ayushpareek/"
          >
            <svg
              aria-label="LinkedIn Icon"
              class="css-octcp8"
              role="img"
              viewBox="0 0 448 512"
              xmlns="http://www.w3.org/2000/svg"
            >
              <title>
                LinkedIn Icon
              </title>
              <path
                d="M100.28 448H7.4V148.9h92.88zM53.79 108.1C24.09 108.1 0 83.5 0 53.8a53.79 53.79 0 0 1 107.58 0c0 29.7-24.1 54.3-53.79 54.3zM447.9 448h-92.68V302.4c0-34.7-.7-79.2-48.29-79.2-48.29 0-55.69 37.7-55.69 76.7V448h-92.78V148.9h89.08v40.8h1.3c12.4-23.5 42.69-48.3 87.88-48.3 94 0 111.28 61.9 111.28 142.3V448z"
              />
            </svg>
          </a>
          <a
            class="css-1xu3tth"
            color="black"
            href="https://angel.co/ignitus-2"
          >
            <svg
              aria-label="AngelList Icon"
              class="css-1xihkf2"
              role="img"
              viewBox="0 0 448 512"
              xmlns="http://www.w3.org/2000/svg"
            >
              <title>
                AngelList Icon
              </title>
              <path
                d="M347.1 215.4c11.7-32.6 45.4-126.9 45.4-157.1 0-26.6-15.7-48.9-43.7-48.9-44.6 0-84.6 131.7-97.1 163.1C242 144 196.6 0 156.6 0c-31.1 0-45.7 22.9-45.7 51.7 0 35.3 34.2 126.8 46.6 162-6.3-2.3-13.1-4.3-20-4.3-23.4 0-48.3 29.1-48.3 52.6 0 8.9 4.9 21.4 8 29.7-36.9 10-51.1 34.6-51.1 71.7C46 435.6 114.4 512 210.6 512c118 0 191.4-88.6 191.4-202.9 0-43.1-6.9-82-54.9-93.7zM311.7 108c4-12.3 21.1-64.3 37.1-64.3 8.6 0 10.9 8.9 10.9 16 0 19.1-38.6 124.6-47.1 148l-34-6 33.1-93.7zM142.3 48.3c0-11.9 14.5-45.7 46.3 47.1l34.6 100.3c-15.6-1.3-27.7-3-35.4 1.4-10.9-28.8-45.5-119.7-45.5-148.8zM140 244c29.3 0 67.1 94.6 67.1 107.4 0 5.1-4.9 11.4-10.6 11.4-20.9 0-76.9-76.9-76.9-97.7.1-7.7 12.7-21.1 20.4-21.1zm184.3 186.3c-29.1 32-66.3 48.6-109.7 48.6-59.4 0-106.3-32.6-128.9-88.3-17.1-43.4 3.8-68.3 20.6-68.3 11.4 0 54.3 60.3 54.3 73.1 0 4.9-7.7 8.3-11.7 8.3-16.1 0-22.4-15.5-51.1-51.4-29.7 29.7 20.5 86.9 58.3 86.9 26.1 0 43.1-24.2 38-42 3.7 0 8.3.3 11.7-.6 1.1 27.1 9.1 59.4 41.7 61.7 0-.9 2-7.1 2-7.4 0-17.4-10.6-32.6-10.6-50.3 0-28.3 21.7-55.7 43.7-71.7 8-6 17.7-9.7 27.1-13.1 9.7-3.7 20-8 27.4-15.4-1.1-11.2-5.7-21.1-16.9-21.1-27.7 0-120.6 4-120.6-39.7 0-6.7.1-13.1 17.4-13.1 32.3 0 114.3 8 138.3 29.1 18.1 16.1 24.3 113.2-31 174.7zm-98.6-126c9.7 3.1 19.7 4 29.7 6-7.4 5.4-14 12-20.3 19.1-2.8-8.5-6.2-16.8-9.4-25.1z"
              />
            </svg>
          </a>
        </div>
      </div>
    </div>
    <div
      class="css-y0c065"
    >
      <div
        class="css-5ollvl"
      >
        <img
          alt="avatar Afelio Padilla"
          class="css-1qe1uq3"
          src="https://storage.googleapis.com/ignitus_assets/ig-team/afelio.jpeg"
        />
        <h6
          class="css-ijmnw1"
        >
          Afelio Padilla
        </h6>
        <p
          class="css-1lo8kcs"
        >
          Chief Operating Officer
        </p>
        <div
          class="css-pve8fp"
        >
          <a
            class="css-1xu3tth"
            color="black"
            href="https://www.linkedin.com/in/afelio/"
          >
            <svg
              aria-label="LinkedIn Icon"
              class="css-octcp8"
              role="img"
              viewBox="0 0 448 512"
              xmlns="http://www.w3.org/2000/svg"
            >
              <title>
                LinkedIn Icon
              </title>
              <path
                d="M100.28 448H7.4V148.9h92.88zM53.79 108.1C24.09 108.1 0 83.5 0 53.8a53.79 53.79 0 0 1 107.58 0c0 29.7-24.1 54.3-53.79 54.3zM447.9 448h-92.68V302.4c0-34.7-.7-79.2-48.29-79.2-48.29 0-55.69 37.7-55.69 76.7V448h-92.78V148.9h89.08v40.8h1.3c12.4-23.5 42.69-48.3 87.88-48.3 94 0 111.28 61.9 111.28 142.3V448z"
              />
            </svg>
          </a>
          <a
            class="css-1xu3tth"
            color="black"
            href="https://angel.co/ignitus-2"
          >
            <svg
              aria-label="AngelList Icon"
              class="css-1xihkf2"
              role="img"
              viewBox="0 0 448 512"
              xmlns="http://www.w3.org/2000/svg"
            >
              <title>
                AngelList Icon
              </title>
              <path
                d="M347.1 215.4c11.7-32.6 45.4-126.9 45.4-157.1 0-26.6-15.7-48.9-43.7-48.9-44.6 0-84.6 131.7-97.1 163.1C242 144 196.6 0 156.6 0c-31.1 0-45.7 22.9-45.7 51.7 0 35.3 34.2 126.8 46.6 162-6.3-2.3-13.1-4.3-20-4.3-23.4 0-48.3 29.1-48.3 52.6 0 8.9 4.9 21.4 8 29.7-36.9 10-51.1 34.6-51.1 71.7C46 435.6 114.4 512 210.6 512c118 0 191.4-88.6 191.4-202.9 0-43.1-6.9-82-54.9-93.7zM311.7 108c4-12.3 21.1-64.3 37.1-64.3 8.6 0 10.9 8.9 10.9 16 0 19.1-38.6 124.6-47.1 148l-34-6 33.1-93.7zM142.3 48.3c0-11.9 14.5-45.7 46.3 47.1l34.6 100.3c-15.6-1.3-27.7-3-35.4 1.4-10.9-28.8-45.5-119.7-45.5-148.8zM140 244c29.3 0 67.1 94.6 67.1 107.4 0 5.1-4.9 11.4-10.6 11.4-20.9 0-76.9-76.9-76.9-97.7.1-7.7 12.7-21.1 20.4-21.1zm184.3 186.3c-29.1 32-66.3 48.6-109.7 48.6-59.4 0-106.3-32.6-128.9-88.3-17.1-43.4 3.8-68.3 20.6-68.3 11.4 0 54.3 60.3 54.3 73.1 0 4.9-7.7 8.3-11.7 8.3-16.1 0-22.4-15.5-51.1-51.4-29.7 29.7 20.5 86.9 58.3 86.9 26.1 0 43.1-24.2 38-42 3.7 0 8.3.3 11.7-.6 1.1 27.1 9.1 59.4 41.7 61.7 0-.9 2-7.1 2-7.4 0-17.4-10.6-32.6-10.6-50.3 0-28.3 21.7-55.7 43.7-71.7 8-6 17.7-9.7 27.1-13.1 9.7-3.7 20-8 27.4-15.4-1.1-11.2-5.7-21.1-16.9-21.1-27.7 0-120.6 4-120.6-39.7 0-6.7.1-13.1 17.4-13.1 32.3 0 114.3 8 138.3 29.1 18.1 16.1 24.3 113.2-31 174.7zm-98.6-126c9.7 3.1 19.7 4 29.7 6-7.4 5.4-14 12-20.3 19.1-2.8-8.5-6.2-16.8-9.4-25.1z"
              />
            </svg>
          </a>
        </div>
      </div>
    </div>
    <div
      class="css-y0c065"
    >
      <div
        class="css-5ollvl"
      >
        <img
          alt="avatar Divyanshu Rawat"
          class="css-1qe1uq3"
          src="https://storage.googleapis.com/ignitus_assets/ig-team/divyanshu.jpeg"
        />
        <h6
          class="css-ijmnw1"
        >
          Divyanshu Rawat
        </h6>
        <p
          class="css-1lo8kcs"
        >
          Co-founder, CTO
        </p>
        <div
          class="css-pve8fp"
        >
          <a
            class="css-1xu3tth"
            color="black"
            href="https://www.linkedin.com/in/divyanshu01/"
          >
            <svg
              aria-label="LinkedIn Icon"
              class="css-octcp8"
              role="img"
              viewBox="0 0 448 512"
              xmlns="http://www.w3.org/2000/svg"
            >
              <title>
                LinkedIn Icon
              </title>
              <path
                d="M100.28 448H7.4V148.9h92.88zM53.79 108.1C24.09 108.1 0 83.5 0 53.8a53.79 53.79 0 0 1 107.58 0c0 29.7-24.1 54.3-53.79 54.3zM447.9 448h-92.68V302.4c0-34.7-.7-79.2-48.29-79.2-48.29 0-55.69 37.7-55.69 76.7V448h-92.78V148.9h89.08v40.8h1.3c12.4-23.5 42.69-48.3 87.88-48.3 94 0 111.28 61.9 111.28 142.3V448z"
              />
            </svg>
          </a>
          <a
            class="css-1xu3tth"
            color="black"
            href="https://angel.co/ignitus-2"
          >
            <svg
              aria-label="AngelList Icon"
              class="css-1xihkf2"
              role="img"
              viewBox="0 0 448 512"
              xmlns="http://www.w3.org/2000/svg"
            >
              <title>
                AngelList Icon
              </title>
              <path
                d="M347.1 215.4c11.7-32.6 45.4-126.9 45.4-157.1 0-26.6-15.7-48.9-43.7-48.9-44.6 0-84.6 131.7-97.1 163.1C242 144 196.6 0 156.6 0c-31.1 0-45.7 22.9-45.7 51.7 0 35.3 34.2 126.8 46.6 162-6.3-2.3-13.1-4.3-20-4.3-23.4 0-48.3 29.1-48.3 52.6 0 8.9 4.9 21.4 8 29.7-36.9 10-51.1 34.6-51.1 71.7C46 435.6 114.4 512 210.6 512c118 0 191.4-88.6 191.4-202.9 0-43.1-6.9-82-54.9-93.7zM311.7 108c4-12.3 21.1-64.3 37.1-64.3 8.6 0 10.9 8.9 10.9 16 0 19.1-38.6 124.6-47.1 148l-34-6 33.1-93.7zM142.3 48.3c0-11.9 14.5-45.7 46.3 47.1l34.6 100.3c-15.6-1.3-27.7-3-35.4 1.4-10.9-28.8-45.5-119.7-45.5-148.8zM140 244c29.3 0 67.1 94.6 67.1 107.4 0 5.1-4.9 11.4-10.6 11.4-20.9 0-76.9-76.9-76.9-97.7.1-7.7 12.7-21.1 20.4-21.1zm184.3 186.3c-29.1 32-66.3 48.6-109.7 48.6-59.4 0-106.3-32.6-128.9-88.3-17.1-43.4 3.8-68.3 20.6-68.3 11.4 0 54.3 60.3 54.3 73.1 0 4.9-7.7 8.3-11.7 8.3-16.1 0-22.4-15.5-51.1-51.4-29.7 29.7 20.5 86.9 58.3 86.9 26.1 0 43.1-24.2 38-42 3.7 0 8.3.3 11.7-.6 1.1 27.1 9.1 59.4 41.7 61.7 0-.9 2-7.1 2-7.4 0-17.4-10.6-32.6-10.6-50.3 0-28.3 21.7-55.7 43.7-71.7 8-6 17.7-9.7 27.1-13.1 9.7-3.7 20-8 27.4-15.4-1.1-11.2-5.7-21.1-16.9-21.1-27.7 0-120.6 4-120.6-39.7 0-6.7.1-13.1 17.4-13.1 32.3 0 114.3 8 138.3 29.1 18.1 16.1 24.3 113.2-31 174.7zm-98.6-126c9.7 3.1 19.7 4 29.7 6-7.4 5.4-14 12-20.3 19.1-2.8-8.5-6.2-16.8-9.4-25.1z"
              />
            </svg>
          </a>
        </div>
      </div>
    </div>
    <div
      class="css-y0c065"
    >
      <div
        class="css-5ollvl"
      >
        <img
          alt="avatar Jennifer Thornton"
          class="css-1qe1uq3"
          src="https://storage.googleapis.com/ignitus_assets/ig-team/jennifer.jpeg"
        />
        <h6
          class="css-ijmnw1"
        >
          Jennifer Thornton
        </h6>
        <p
          class="css-1lo8kcs"
        >
          HR & Administration
        </p>
        <div
          class="css-pve8fp"
        >
          <a
            class="css-1xu3tth"
            color="black"
            href="https://www.linkedin.com/in/jcthornton/"
          >
            <svg
              aria-label="LinkedIn Icon"
              class="css-octcp8"
              role="img"
              viewBox="0 0 448 512"
              xmlns="http://www.w3.org/2000/svg"
            >
              <title>
                LinkedIn Icon
              </title>
              <path
                d="M100.28 448H7.4V148.9h92.88zM53.79 108.1C24.09 108.1 0 83.5 0 53.8a53.79 53.79 0 0 1 107.58 0c0 29.7-24.1 54.3-53.79 54.3zM447.9 448h-92.68V302.4c0-34.7-.7-79.2-48.29-79.2-48.29 0-55.69 37.7-55.69 76.7V448h-92.78V148.9h89.08v40.8h1.3c12.4-23.5 42.69-48.3 87.88-48.3 94 0 111.28 61.9 111.28 142.3V448z"
              />
            </svg>
          </a>
          <a
            class="css-1xu3tth"
            color="black"
            href="https://angel.co/ignitus-2"
          >
            <svg
              aria-label="AngelList Icon"
              class="css-1xihkf2"
              role="img"
              viewBox="0 0 448 512"
              xmlns="http://www.w3.org/2000/svg"
            >
              <title>
                AngelList Icon
              </title>
              <path
                d="M347.1 215.4c11.7-32.6 45.4-126.9 45.4-157.1 0-26.6-15.7-48.9-43.7-48.9-44.6 0-84.6 131.7-97.1 163.1C242 144 196.6 0 156.6 0c-31.1 0-45.7 22.9-45.7 51.7 0 35.3 34.2 126.8 46.6 162-6.3-2.3-13.1-4.3-20-4.3-23.4 0-48.3 29.1-48.3 52.6 0 8.9 4.9 21.4 8 29.7-36.9 10-51.1 34.6-51.1 71.7C46 435.6 114.4 512 210.6 512c118 0 191.4-88.6 191.4-202.9 0-43.1-6.9-82-54.9-93.7zM311.7 108c4-12.3 21.1-64.3 37.1-64.3 8.6 0 10.9 8.9 10.9 16 0 19.1-38.6 124.6-47.1 148l-34-6 33.1-93.7zM142.3 48.3c0-11.9 14.5-45.7 46.3 47.1l34.6 100.3c-15.6-1.3-27.7-3-35.4 1.4-10.9-28.8-45.5-119.7-45.5-148.8zM140 244c29.3 0 67.1 94.6 67.1 107.4 0 5.1-4.9 11.4-10.6 11.4-20.9 0-76.9-76.9-76.9-97.7.1-7.7 12.7-21.1 20.4-21.1zm184.3 186.3c-29.1 32-66.3 48.6-109.7 48.6-59.4 0-106.3-32.6-128.9-88.3-17.1-43.4 3.8-68.3 20.6-68.3 11.4 0 54.3 60.3 54.3 73.1 0 4.9-7.7 8.3-11.7 8.3-16.1 0-22.4-15.5-51.1-51.4-29.7 29.7 20.5 86.9 58.3 86.9 26.1 0 43.1-24.2 38-42 3.7 0 8.3.3 11.7-.6 1.1 27.1 9.1 59.4 41.7 61.7 0-.9 2-7.1 2-7.4 0-17.4-10.6-32.6-10.6-50.3 0-28.3 21.7-55.7 43.7-71.7 8-6 17.7-9.7 27.1-13.1 9.7-3.7 20-8 27.4-15.4-1.1-11.2-5.7-21.1-16.9-21.1-27.7 0-120.6 4-120.6-39.7 0-6.7.1-13.1 17.4-13.1 32.3 0 114.3 8 138.3 29.1 18.1 16.1 24.3 113.2-31 174.7zm-98.6-126c9.7 3.1 19.7 4 29.7 6-7.4 5.4-14 12-20.3 19.1-2.8-8.5-6.2-16.8-9.4-25.1z"
              />
            </svg>
          </a>
        </div>
      </div>
    </div>
    <div
      class="css-y0c065"
    >
      <div
        class="css-5ollvl"
      >
        <img
          alt="avatar Paarmita Bhargava"
          class="css-1qe1uq3"
          src="https://storage.googleapis.com/ignitus_assets/ig-team/paarmita.jpeg"
        />
        <h6
          class="css-ijmnw1"
        >
          Paarmita Bhargava
        </h6>
        <p
          class="css-1lo8kcs"
        >
          Product Designer
        </p>
        <div
          class="css-pve8fp"
        >
          <a
            class="css-1xu3tth"
            color="black"
            href="https://www.linkedin.com/in/paarmitabhargava/"
          >
            <svg
              aria-label="LinkedIn Icon"
              class="css-octcp8"
              role="img"
              viewBox="0 0 448 512"
              xmlns="http://www.w3.org/2000/svg"
            >
              <title>
                LinkedIn Icon
              </title>
              <path
                d="M100.28 448H7.4V148.9h92.88zM53.79 108.1C24.09 108.1 0 83.5 0 53.8a53.79 53.79 0 0 1 107.58 0c0 29.7-24.1 54.3-53.79 54.3zM447.9 448h-92.68V302.4c0-34.7-.7-79.2-48.29-79.2-48.29 0-55.69 37.7-55.69 76.7V448h-92.78V148.9h89.08v40.8h1.3c12.4-23.5 42.69-48.3 87.88-48.3 94 0 111.28 61.9 111.28 142.3V448z"
              />
            </svg>
          </a>
          <a
            class="css-1xu3tth"
            color="black"
            href="https://angel.co/ignitus-2"
          >
            <svg
              aria-label="AngelList Icon"
              class="css-1xihkf2"
              role="img"
              viewBox="0 0 448 512"
              xmlns="http://www.w3.org/2000/svg"
            >
              <title>
                AngelList Icon
              </title>
              <path
                d="M347.1 215.4c11.7-32.6 45.4-126.9 45.4-157.1 0-26.6-15.7-48.9-43.7-48.9-44.6 0-84.6 131.7-97.1 163.1C242 144 196.6 0 156.6 0c-31.1 0-45.7 22.9-45.7 51.7 0 35.3 34.2 126.8 46.6 162-6.3-2.3-13.1-4.3-20-4.3-23.4 0-48.3 29.1-48.3 52.6 0 8.9 4.9 21.4 8 29.7-36.9 10-51.1 34.6-51.1 71.7C46 435.6 114.4 512 210.6 512c118 0 191.4-88.6 191.4-202.9 0-43.1-6.9-82-54.9-93.7zM311.7 108c4-12.3 21.1-64.3 37.1-64.3 8.6 0 10.9 8.9 10.9 16 0 19.1-38.6 124.6-47.1 148l-34-6 33.1-93.7zM142.3 48.3c0-11.9 14.5-45.7 46.3 47.1l34.6 100.3c-15.6-1.3-27.7-3-35.4 1.4-10.9-28.8-45.5-119.7-45.5-148.8zM140 244c29.3 0 67.1 94.6 67.1 107.4 0 5.1-4.9 11.4-10.6 11.4-20.9 0-76.9-76.9-76.9-97.7.1-7.7 12.7-21.1 20.4-21.1zm184.3 186.3c-29.1 32-66.3 48.6-109.7 48.6-59.4 0-106.3-32.6-128.9-88.3-17.1-43.4 3.8-68.3 20.6-68.3 11.4 0 54.3 60.3 54.3 73.1 0 4.9-7.7 8.3-11.7 8.3-16.1 0-22.4-15.5-51.1-51.4-29.7 29.7 20.5 86.9 58.3 86.9 26.1 0 43.1-24.2 38-42 3.7 0 8.3.3 11.7-.6 1.1 27.1 9.1 59.4 41.7 61.7 0-.9 2-7.1 2-7.4 0-17.4-10.6-32.6-10.6-50.3 0-28.3 21.7-55.7 43.7-71.7 8-6 17.7-9.7 27.1-13.1 9.7-3.7 20-8 27.4-15.4-1.1-11.2-5.7-21.1-16.9-21.1-27.7 0-120.6 4-120.6-39.7 0-6.7.1-13.1 17.4-13.1 32.3 0 114.3 8 138.3 29.1 18.1 16.1 24.3 113.2-31 174.7zm-98.6-126c9.7 3.1 19.7 4 29.7 6-7.4 5.4-14 12-20.3 19.1-2.8-8.5-6.2-16.8-9.4-25.1z"
              />
            </svg>
          </a>
        </div>
      </div>
    </div>
    <div
      class="css-y0c065"
    >
      <div
        class="css-5ollvl"
      >
        <img
          alt="avatar Desire BahBioh"
          class="css-1qe1uq3"
          src="https://storage.googleapis.com/ignitus_assets/ig-team/desire.png"
        />
        <h6
          class="css-ijmnw1"
        >
          Desire BahBioh
        </h6>
        <p
          class="css-1lo8kcs"
        >
          Software Engineering
        </p>
        <div
          class="css-pve8fp"
        >
          <a
            class="css-1xu3tth"
            color="black"
            href="https://www.linkedin.com/in/ndbahbioh/"
          >
            <svg
              aria-label="LinkedIn Icon"
              class="css-octcp8"
              role="img"
              viewBox="0 0 448 512"
              xmlns="http://www.w3.org/2000/svg"
            >
              <title>
                LinkedIn Icon
              </title>
              <path
                d="M100.28 448H7.4V148.9h92.88zM53.79 108.1C24.09 108.1 0 83.5 0 53.8a53.79 53.79 0 0 1 107.58 0c0 29.7-24.1 54.3-53.79 54.3zM447.9 448h-92.68V302.4c0-34.7-.7-79.2-48.29-79.2-48.29 0-55.69 37.7-55.69 76.7V448h-92.78V148.9h89.08v40.8h1.3c12.4-23.5 42.69-48.3 87.88-48.3 94 0 111.28 61.9 111.28 142.3V448z"
              />
            </svg>
          </a>
          <a
            class="css-1xu3tth"
            color="black"
            href="https://angel.co/ignitus-2"
          >
            <svg
              aria-label="AngelList Icon"
              class="css-1xihkf2"
              role="img"
              viewBox="0 0 448 512"
              xmlns="http://www.w3.org/2000/svg"
            >
              <title>
                AngelList Icon
              </title>
              <path
                d="M347.1 215.4c11.7-32.6 45.4-126.9 45.4-157.1 0-26.6-15.7-48.9-43.7-48.9-44.6 0-84.6 131.7-97.1 163.1C242 144 196.6 0 156.6 0c-31.1 0-45.7 22.9-45.7 51.7 0 35.3 34.2 126.8 46.6 162-6.3-2.3-13.1-4.3-20-4.3-23.4 0-48.3 29.1-48.3 52.6 0 8.9 4.9 21.4 8 29.7-36.9 10-51.1 34.6-51.1 71.7C46 435.6 114.4 512 210.6 512c118 0 191.4-88.6 191.4-202.9 0-43.1-6.9-82-54.9-93.7zM311.7 108c4-12.3 21.1-64.3 37.1-64.3 8.6 0 10.9 8.9 10.9 16 0 19.1-38.6 124.6-47.1 148l-34-6 33.1-93.7zM142.3 48.3c0-11.9 14.5-45.7 46.3 47.1l34.6 100.3c-15.6-1.3-27.7-3-35.4 1.4-10.9-28.8-45.5-119.7-45.5-148.8zM140 244c29.3 0 67.1 94.6 67.1 107.4 0 5.1-4.9 11.4-10.6 11.4-20.9 0-76.9-76.9-76.9-97.7.1-7.7 12.7-21.1 20.4-21.1zm184.3 186.3c-29.1 32-66.3 48.6-109.7 48.6-59.4 0-106.3-32.6-128.9-88.3-17.1-43.4 3.8-68.3 20.6-68.3 11.4 0 54.3 60.3 54.3 73.1 0 4.9-7.7 8.3-11.7 8.3-16.1 0-22.4-15.5-51.1-51.4-29.7 29.7 20.5 86.9 58.3 86.9 26.1 0 43.1-24.2 38-42 3.7 0 8.3.3 11.7-.6 1.1 27.1 9.1 59.4 41.7 61.7 0-.9 2-7.1 2-7.4 0-17.4-10.6-32.6-10.6-50.3 0-28.3 21.7-55.7 43.7-71.7 8-6 17.7-9.7 27.1-13.1 9.7-3.7 20-8 27.4-15.4-1.1-11.2-5.7-21.1-16.9-21.1-27.7 0-120.6 4-120.6-39.7 0-6.7.1-13.1 17.4-13.1 32.3 0 114.3 8 138.3 29.1 18.1 16.1 24.3 113.2-31 174.7zm-98.6-126c9.7 3.1 19.7 4 29.7 6-7.4 5.4-14 12-20.3 19.1-2.8-8.5-6.2-16.8-9.4-25.1z"
              />
            </svg>
          </a>
        </div>
      </div>
    </div>
    <div
      class="css-y0c065"
    >
      <div
        class="css-5ollvl"
      >
        <img
          alt="avatar Rajvardhan Oak"
          class="css-1qe1uq3"
          src="https://storage.googleapis.com/ignitus_assets/ig-team/rajvardhan.jpeg"
        />
        <h6
          class="css-ijmnw1"
        >
          Rajvardhan Oak
        </h6>
        <p
          class="css-1lo8kcs"
        >
          Ignitus Scholar Lead
        </p>
        <div
          class="css-pve8fp"
        >
          <a
            class="css-1xu3tth"
            color="black"
            href="https://www.linkedin.com/in/rvoak/"
          >
            <svg
              aria-label="LinkedIn Icon"
              class="css-octcp8"
              role="img"
              viewBox="0 0 448 512"
              xmlns="http://www.w3.org/2000/svg"
            >
              <title>
                LinkedIn Icon
              </title>
              <path
                d="M100.28 448H7.4V148.9h92.88zM53.79 108.1C24.09 108.1 0 83.5 0 53.8a53.79 53.79 0 0 1 107.58 0c0 29.7-24.1 54.3-53.79 54.3zM447.9 448h-92.68V302.4c0-34.7-.7-79.2-48.29-79.2-48.29 0-55.69 37.7-55.69 76.7V448h-92.78V148.9h89.08v40.8h1.3c12.4-23.5 42.69-48.3 87.88-48.3 94 0 111.28 61.9 111.28 142.3V448z"
              />
            </svg>
          </a>
          <a
            class="css-1xu3tth"
            color="black"
            href="https://angel.co/ignitus-2"
          >
            <svg
              aria-label="AngelList Icon"
              class="css-1xihkf2"
              role="img"
              viewBox="0 0 448 512"
              xmlns="http://www.w3.org/2000/svg"
            >
              <title>
                AngelList Icon
              </title>
              <path
                d="M347.1 215.4c11.7-32.6 45.4-126.9 45.4-157.1 0-26.6-15.7-48.9-43.7-48.9-44.6 0-84.6 131.7-97.1 163.1C242 144 196.6 0 156.6 0c-31.1 0-45.7 22.9-45.7 51.7 0 35.3 34.2 126.8 46.6 162-6.3-2.3-13.1-4.3-20-4.3-23.4 0-48.3 29.1-48.3 52.6 0 8.9 4.9 21.4 8 29.7-36.9 10-51.1 34.6-51.1 71.7C46 435.6 114.4 512 210.6 512c118 0 191.4-88.6 191.4-202.9 0-43.1-6.9-82-54.9-93.7zM311.7 108c4-12.3 21.1-64.3 37.1-64.3 8.6 0 10.9 8.9 10.9 16 0 19.1-38.6 124.6-47.1 148l-34-6 33.1-93.7zM142.3 48.3c0-11.9 14.5-45.7 46.3 47.1l34.6 100.3c-15.6-1.3-27.7-3-35.4 1.4-10.9-28.8-45.5-119.7-45.5-148.8zM140 244c29.3 0 67.1 94.6 67.1 107.4 0 5.1-4.9 11.4-10.6 11.4-20.9 0-76.9-76.9-76.9-97.7.1-7.7 12.7-21.1 20.4-21.1zm184.3 186.3c-29.1 32-66.3 48.6-109.7 48.6-59.4 0-106.3-32.6-128.9-88.3-17.1-43.4 3.8-68.3 20.6-68.3 11.4 0 54.3 60.3 54.3 73.1 0 4.9-7.7 8.3-11.7 8.3-16.1 0-22.4-15.5-51.1-51.4-29.7 29.7 20.5 86.9 58.3 86.9 26.1 0 43.1-24.2 38-42 3.7 0 8.3.3 11.7-.6 1.1 27.1 9.1 59.4 41.7 61.7 0-.9 2-7.1 2-7.4 0-17.4-10.6-32.6-10.6-50.3 0-28.3 21.7-55.7 43.7-71.7 8-6 17.7-9.7 27.1-13.1 9.7-3.7 20-8 27.4-15.4-1.1-11.2-5.7-21.1-16.9-21.1-27.7 0-120.6 4-120.6-39.7 0-6.7.1-13.1 17.4-13.1 32.3 0 114.3 8 138.3 29.1 18.1 16.1 24.3 113.2-31 174.7zm-98.6-126c9.7 3.1 19.7 4 29.7 6-7.4 5.4-14 12-20.3 19.1-2.8-8.5-6.2-16.8-9.4-25.1z"
              />
            </svg>
          </a>
        </div>
      </div>
    </div>
    <div
      class="css-y0c065"
    >
      <div
        class="css-5ollvl"
      >
        <img
          alt="avatar Hafsa Nefouci"
          class="css-1qe1uq3"
          src="https://storage.googleapis.com/ignitus_assets/ig-team/hafsa.jpeg"
        />
        <h6
          class="css-ijmnw1"
        >
          Hafsa Nefouci
        </h6>
        <p
          class="css-1lo8kcs"
        >
          UI/UX Designer
        </p>
        <div
          class="css-pve8fp"
        >
          <a
            class="css-1xu3tth"
            color="black"
            href="https://www.linkedin.com/in/nefoucihafsa/"
          >
            <svg
              aria-label="LinkedIn Icon"
              class="css-octcp8"
              role="img"
              viewBox="0 0 448 512"
              xmlns="http://www.w3.org/2000/svg"
            >
              <title>
                LinkedIn Icon
              </title>
              <path
                d="M100.28 448H7.4V148.9h92.88zM53.79 108.1C24.09 108.1 0 83.5 0 53.8a53.79 53.79 0 0 1 107.58 0c0 29.7-24.1 54.3-53.79 54.3zM447.9 448h-92.68V302.4c0-34.7-.7-79.2-48.29-79.2-48.29 0-55.69 37.7-55.69 76.7V448h-92.78V148.9h89.08v40.8h1.3c12.4-23.5 42.69-48.3 87.88-48.3 94 0 111.28 61.9 111.28 142.3V448z"
              />
            </svg>
          </a>
          <a
            class="css-1xu3tth"
            color="black"
            href="https://angel.co/ignitus-2"
          >
            <svg
              aria-label="AngelList Icon"
              class="css-1xihkf2"
              role="img"
              viewBox="0 0 448 512"
              xmlns="http://www.w3.org/2000/svg"
            >
              <title>
                AngelList Icon
              </title>
              <path
                d="M347.1 215.4c11.7-32.6 45.4-126.9 45.4-157.1 0-26.6-15.7-48.9-43.7-48.9-44.6 0-84.6 131.7-97.1 163.1C242 144 196.6 0 156.6 0c-31.1 0-45.7 22.9-45.7 51.7 0 35.3 34.2 126.8 46.6 162-6.3-2.3-13.1-4.3-20-4.3-23.4 0-48.3 29.1-48.3 52.6 0 8.9 4.9 21.4 8 29.7-36.9 10-51.1 34.6-51.1 71.7C46 435.6 114.4 512 210.6 512c118 0 191.4-88.6 191.4-202.9 0-43.1-6.9-82-54.9-93.7zM311.7 108c4-12.3 21.1-64.3 37.1-64.3 8.6 0 10.9 8.9 10.9 16 0 19.1-38.6 124.6-47.1 148l-34-6 33.1-93.7zM142.3 48.3c0-11.9 14.5-45.7 46.3 47.1l34.6 100.3c-15.6-1.3-27.7-3-35.4 1.4-10.9-28.8-45.5-119.7-45.5-148.8zM140 244c29.3 0 67.1 94.6 67.1 107.4 0 5.1-4.9 11.4-10.6 11.4-20.9 0-76.9-76.9-76.9-97.7.1-7.7 12.7-21.1 20.4-21.1zm184.3 186.3c-29.1 32-66.3 48.6-109.7 48.6-59.4 0-106.3-32.6-128.9-88.3-17.1-43.4 3.8-68.3 20.6-68.3 11.4 0 54.3 60.3 54.3 73.1 0 4.9-7.7 8.3-11.7 8.3-16.1 0-22.4-15.5-51.1-51.4-29.7 29.7 20.5 86.9 58.3 86.9 26.1 0 43.1-24.2 38-42 3.7 0 8.3.3 11.7-.6 1.1 27.1 9.1 59.4 41.7 61.7 0-.9 2-7.1 2-7.4 0-17.4-10.6-32.6-10.6-50.3 0-28.3 21.7-55.7 43.7-71.7 8-6 17.7-9.7 27.1-13.1 9.7-3.7 20-8 27.4-15.4-1.1-11.2-5.7-21.1-16.9-21.1-27.7 0-120.6 4-120.6-39.7 0-6.7.1-13.1 17.4-13.1 32.3 0 114.3 8 138.3 29.1 18.1 16.1 24.3 113.2-31 174.7zm-98.6-126c9.7 3.1 19.7 4 29.7 6-7.4 5.4-14 12-20.3 19.1-2.8-8.5-6.2-16.8-9.4-25.1z"
              />
            </svg>
          </a>
        </div>
      </div>
    </div>
  </div>
</div>
`;
