// Jest Snapshot v1, https://goo.gl/fbAQLP

exports[`should rendered 1`] = `
.emotion-11 {
  background-color: #ffffff;
  border-radius: 1rem;
  box-shadow: 0 2px 4px 0 rgba(0,0,0,0.05);
  color: #000066;
  display: -webkit-box;
  display: -webkit-flex;
  display: -ms-flexbox;
  display: flex;
  -webkit-flex-direction: column;
  -ms-flex-direction: column;
  flex-direction: column;
  height: 12rem;
  -webkit-box-pack: center;
  -webkit-justify-content: center;
  -ms-flex-pack: center;
  justify-content: center;
  padding: 1.5rem;
  width: 17rem;
}

.emotion-7 {
  display: -webkit-box;
  display: -webkit-flex;
  display: -ms-flexbox;
  display: flex;
  -webkit-flex-direction: row;
  -ms-flex-direction: row;
  flex-direction: row;
  -webkit-box-pack: justify;
  -webkit-justify-content: space-between;
  -ms-flex-pack: justify;
  justify-content: space-between;
  margin-bottom: 2rem;
}

.emotion-0 {
  border-radius: 1rem;
  height: 6rem;
}

.emotion-6 {
  display: -webkit-box;
  display: -webkit-flex;
  display: -ms-flexbox;
  display: flex;
  -webkit-flex-direction: column;
  -ms-flex-direction: column;
  flex-direction: column;
  -webkit-align-items: center;
  -webkit-box-align: center;
  -ms-flex-align: center;
  align-items: center;
  -webkit-box-pack: center;
  -webkit-justify-content: center;
  -ms-flex-pack: center;
  justify-content: center;
  text-align: center;
}

.emotion-3 {
  display: -webkit-box;
  display: -webkit-flex;
  display: -ms-flexbox;
  display: flex;
  -webkit-flex-direction: column;
  -ms-flex-direction: column;
  flex-direction: column;
  -webkit-box-pack: start;
  -webkit-justify-content: flex-start;
  -ms-flex-pack: start;
  justify-content: flex-start;
  line-height: 1.7rem;
}

.emotion-1 {
  font-weight: 500;
  font-size: 22px;
  color: #000066;
}

.emotion-2 {
  font-weight: 500;
  font-size: 16px;
  color: #000066;
}

.emotion-4 {
  border-radius: 5px;
  border: none;
  cursor: pointer;
  outline: none;
  padding: 16px 32px;
  text-align: center;
  line-height: 1rem;
  margin: 0.5rem;
  outline: none;
  font-size: 18px;
  font-weight: 400;
  -webkit-transition: all 0.3s ease;
  transition: all 0.3s ease;
  outline: none;
  color: #ffffff;
  background-color: #000066;
  padding: 8px 20px;
  font-size: 16px;
  border-radius: 3px;
  border: none;
  display: -webkit-inline-box;
  display: -webkit-inline-flex;
  display: -ms-inline-flexbox;
  display: inline-flex;
  -webkit-box-pack: center;
  -webkit-justify-content: center;
  -ms-flex-pack: center;
  justify-content: center;
  -webkit-align-items: center;
  -webkit-box-align: center;
  -ms-flex-align: center;
  align-items: center;
}

.emotion-4:hover,
.emotion-4:focus {
  box-shadow: 0 2px 4px 0 rgba(0,0,0,0.05);
}

.emotion-4 a {
  color: #ffffff;
}

.emotion-4:hover,
.emotion-4:focus {
  background-color: #F9BF64;
  color: #000066;
  outline: none;
}

.emotion-4:hover a,
.emotion-4:focus a {
  color: #000066;
}

.emotion-4:hover svg,
.emotion-4:focus svg {
  fill: #000066;
}

.emotion-10 {
  display: -webkit-box;
  display: -webkit-flex;
  display: -ms-flexbox;
  display: flex;
  -webkit-flex-direction: row;
  -ms-flex-direction: row;
  flex-direction: row;
}

.emotion-8 {
  fill: #000066;
  height: 2rem;
  margin: 0 1rem 0 0;
}

.emotion-9 {
  font-size: 16px;
  font-weight: 400;
  color: #2D2D2D;
  margin: 0;
}

<div
  class="emotion-11"
>
  <div
    class="emotion-7"
  >
    <img
      alt="ProfileImage"
      class="emotion-0"
      src="https://storage.googleapis.com/ignitus_assets/ig-avatars/melanie.png"
    />
    <div
      class="emotion-6"
    >
      <div
        class="emotion-3"
      >
        <h3
          class="emotion-1"
        >
          Helen
        </h3>
        <h6
          class="emotion-2"
        >
          Student
        </h6>
      </div>
      <div
        class="emotion-5"
      >
        <button
          class="emotion-4"
        >
           ViewProfile 
        </button>
      </div>
    </div>
  </div>
  <div
    class="emotion-10"
  >
    <svg
      aria-label="Bookmark Icon"
      class="emotion-8"
      viewBox="0 0 384 512"
      xmlns="http://www.w3.org/2000/svg"
    >
      <title>
        Bookmark Icon
      </title>
      <path
        d="M336 0H48C21.49 0 0 21.49 0 48v464l192-112 192 112V48c0-26.51-21.49-48-48-48zm0 428.43l-144-84-144 84V54a6 6 0 0 1 6-6h276c3.314 0 6 2.683 6 5.996V428.43z"
      />
    </svg>
    <p
      class="emotion-9"
    >
      10 students are tracking your progree
    </p>
  </div>
</div>
`;
