// Jest Snapshot v1, https://goo.gl/fbAQLP

exports[`should rendered 1`] = `
<input
  class="css-8xbheg"
  name="Input"
  placeholder="Placeholder"
  type="text"
/>
`;
